// Jest Snapshot v1, https://goo.gl/fbAQLP

exports[`Column.test.tsx matches the snapshot 1`] = `<DocumentFragment />`;
